// Jest Snapshot v1, https://goo.gl/fbAQLP

exports[`renders without crashing 1`] = `
<DocumentFragment>
  <ul
    class="nav nav-pills"
    style="margin-bottom: 1rem;"
  >
    <li
      class="nav-item"
    >
      <a
        aria-current="page"
        class="nav-link active"
        href="#/"
      >
        Patient
      </a>
    </li>
    <li
      class="nav-item"
    >
      <a
        class="nav-link"
        href="#/normality"
      >
        Biometric Normality
      </a>
    </li>
    <li
      class="nav-item"
    >
      <a
        class="nav-link"
        href="#/matrix"
      >
        Floating Matrix
      </a>
    </li>
    <li
      class="nav-item"
    >
      <a
        class="nav-link"
        href="#/regression"
      >
        Regression
      </a>
    </li>
  </ul>
</DocumentFragment>
`;
