// Jest Snapshot v1, https://goo.gl/fbAQLP

exports[`renders without crashing 1`] = `
Array [
  <div
    className="row"
  >
    <div
      className="col-md-6"
    >
      <h4>
        Vault Prediction
      </h4>
      <table
        className="table table-bordered table-hover"
      >
        <thead>
          <tr>
            <th
              className="col-4"
              scope="col"
            >
              Lens Size
            </th>
            <th
              className="col-4 text-right"
              scope="col"
            >
              Vault (μm)
            </th>
            <th
              className="col-4 text-right"
              scope="col"
            >
              Corneal Endothelium to ICL (mm)
            </th>
          </tr>
        </thead>
        <tbody>
          <tr>
            <th
              className="col-4"
              scope="col"
            >
              12.6 mm
            </th>
            <td
              className="col-4 text-right"
            >
              448.2
            </td>
            <td
              className="col-4 text-right"
            >
              2.74
            </td>
          </tr>
          <tr>
            <th
              className="col-4"
              scope="col"
            >
              13.2 mm
            </th>
            <td
              className="col-4 text-right"
            >
              709.19
            </td>
            <td
              className="col-4 text-right"
            >
              2.48
            </td>
          </tr>
          <tr>
            <th
              className="col-4"
              scope="col"
            >
              13.7 mm
            </th>
            <td
              className="col-4 text-right"
            >
              1039.38
            </td>
            <td
              className="col-4 text-right"
            >
              2.15
            </td>
          </tr>
        </tbody>
      </table>
    </div>
  </div>,
  <hr />,
  <div
    className="row"
  >
    <div
      className="col-md-5"
    >
      <h4>
        Probability of 250 &lt; Vault &lt; 1000 (μm)
      </h4>
      <table
        className="table table-bordered table-hover"
      >
        <thead>
          <tr>
            <th
              className="col-4"
              scope="col"
            >
              Lens Size
            </th>
            <th
              className="col-4 text-right"
              scope="col"
            >
              Probability (%)
            </th>
          </tr>
        </thead>
        <tbody>
          <tr>
            <th
              className="col-4"
              scope="col"
            >
              12.6 mm
            </th>
            <td
              className="col-4 text-right"
            >
              83.8
            </td>
          </tr>
          <tr>
            <th
              className="col-4"
              scope="col"
            >
              13.2 mm
            </th>
            <td
              className="col-4 text-right"
            >
              77.7
            </td>
          </tr>
          <tr>
            <th
              className="col-4"
              scope="col"
            >
              13.7 mm
            </th>
            <td
              className="col-4 text-right"
            >
              11.2
            </td>
          </tr>
        </tbody>
      </table>
    </div>
  </div>,
]
`;
