// Jest Snapshot v1, https://goo.gl/fbAQLP

exports[`renders without crashing 1`] = `
<table
  className="table table-bordered table-hover"
>
  <thead>
    <tr>
      <th
        scope="col"
      >
        Lens Size
      </th>
      <th
        className="text-right"
        colSpan={3}
        scope="col"
      >
        12.6 mm
      </th>
      <th
        className="text-right"
        colSpan={3}
        scope="col"
      >
        13.2 mm
      </th>
      <th
        className="text-right"
        colSpan={3}
        scope="col"
      >
        13.7 mm
      </th>
    </tr>
    <tr>
      <th
        scope="col"
      >
        Myopia
      </th>
      <th
        className="text-right"
        scope="col"
      >
        Low
      </th>
      <th
        className="text-right"
        scope="col"
      >
        Moderate
      </th>
      <th
        className="text-right"
        scope="col"
      >
        High
      </th>
      <th
        className="text-right"
        scope="col"
      >
        Low
      </th>
      <th
        className="text-right"
        scope="col"
      >
        Moderate
      </th>
      <th
        className="text-right"
        scope="col"
      >
        High
      </th>
      <th
        className="text-right"
        scope="col"
      >
        Low
      </th>
      <th
        className="text-right"
        scope="col"
      >
        Moderate
      </th>
      <th
        className="text-right"
        scope="col"
      >
        High
      </th>
    </tr>
  </thead>
  <tbody>
    <tr>
      <th
        scope="row"
        title="Number of Eyes matching the column criteria"
      >
        Number of Eyes
      </th>
      <td
        className="text-right"
      >
        0
      </td>
      <td
        className="text-right"
      >
        0
      </td>
      <td
        className="text-right"
      >
        0
      </td>
      <td
        className="text-right"
      >
        0
      </td>
      <td
        className="text-right"
      >
        0
      </td>
      <td
        className="text-right"
      >
        0
      </td>
      <td
        className="text-right"
      >
        0
      </td>
      <td
        className="text-right"
      >
        0
      </td>
      <td
        className="text-right"
      >
        0
      </td>
    </tr>
    <tr
      className="table-bordered"
    >
      <td
        colSpan={10}
      />
    </tr>
    <tr>
      <th
        scope="row"
        title="Average Vault size in millimetres"
      >
        Average Vault
      </th>
      <td
        className="text-right"
      >
        0
      </td>
      <td
        className="text-right"
      >
        0
      </td>
      <td
        className="text-right"
      >
        0
      </td>
      <td
        className="text-right"
      >
        0
      </td>
      <td
        className="text-right"
      >
        0
      </td>
      <td
        className="text-right"
      >
        0
      </td>
      <td
        className="text-right"
      >
        0
      </td>
      <td
        className="text-right"
      >
        0
      </td>
      <td
        className="text-right"
      >
        0
      </td>
    </tr>
    <tr>
      <th
        scope="row"
        title="Minimum Vault size in millimetres"
      >
        Minimum Vault
      </th>
      <td
        className="text-right"
      >
        0
      </td>
      <td
        className="text-right"
      >
        0
      </td>
      <td
        className="text-right"
      >
        0
      </td>
      <td
        className="text-right"
      >
        0
      </td>
      <td
        className="text-right"
      >
        0
      </td>
      <td
        className="text-right"
      >
        0
      </td>
      <td
        className="text-right"
      >
        0
      </td>
      <td
        className="text-right"
      >
        0
      </td>
      <td
        className="text-right"
      >
        0
      </td>
    </tr>
    <tr>
      <th
        scope="row"
        title="Maximum Vault size in millimetres"
      >
        Maximum Vault
      </th>
      <td
        className="text-right"
      >
        0
      </td>
      <td
        className="text-right"
      >
        0
      </td>
      <td
        className="text-right"
      >
        0
      </td>
      <td
        className="text-right"
      >
        0
      </td>
      <td
        className="text-right"
      >
        0
      </td>
      <td
        className="text-right"
      >
        0
      </td>
      <td
        className="text-right"
      >
        0
      </td>
      <td
        className="text-right"
      >
        0
      </td>
      <td
        className="text-right"
      >
        0
      </td>
    </tr>
    <tr
      className="table-bordered"
    >
      <td
        colSpan={10}
      />
    </tr>
    <tr>
      <th
        scope="row"
        title="Percentage of Eyes with Vault size less than 0.25 mm"
      >
        % Vault &lt; 0.25
      </th>
      <td
        className="text-right"
      >
        0
      </td>
      <td
        className="text-right"
      >
        0
      </td>
      <td
        className="text-right"
      >
        0
      </td>
      <td
        className="text-right"
      >
        0
      </td>
      <td
        className="text-right"
      >
        0
      </td>
      <td
        className="text-right"
      >
        0
      </td>
      <td
        className="text-right"
      >
        0
      </td>
      <td
        className="text-right"
      >
        0
      </td>
      <td
        className="text-right"
      >
        0
      </td>
    </tr>
    <tr>
      <th
        scope="row"
        title="Percentage of Eyes with Vault size between 0.25 mm and 0.5 mm"
      >
        % 0.25 &lt; Vault &lt; 0.5
      </th>
      <td
        className="text-right"
      >
        0
      </td>
      <td
        className="text-right"
      >
        0
      </td>
      <td
        className="text-right"
      >
        0
      </td>
      <td
        className="text-right"
      >
        0
      </td>
      <td
        className="text-right"
      >
        0
      </td>
      <td
        className="text-right"
      >
        0
      </td>
      <td
        className="text-right"
      >
        0
      </td>
      <td
        className="text-right"
      >
        0
      </td>
      <td
        className="text-right"
      >
        0
      </td>
    </tr>
    <tr>
      <th
        scope="row"
        title="Percentage of Eyes with Vault size between 0.5 mm and 0.75 mm"
      >
        % 0.5 &lt; Vault &lt; 0.75
      </th>
      <td
        className="text-right"
      >
        0
      </td>
      <td
        className="text-right"
      >
        0
      </td>
      <td
        className="text-right"
      >
        0
      </td>
      <td
        className="text-right"
      >
        0
      </td>
      <td
        className="text-right"
      >
        0
      </td>
      <td
        className="text-right"
      >
        0
      </td>
      <td
        className="text-right"
      >
        0
      </td>
      <td
        className="text-right"
      >
        0
      </td>
      <td
        className="text-right"
      >
        0
      </td>
    </tr>
    <tr>
      <th
        scope="row"
        title="Percentage of Eyes with Vault size between 0.75 mm and 1 mm"
      >
        % 0.75 &lt; Vault &lt; 1
      </th>
      <td
        className="text-right"
      >
        0
      </td>
      <td
        className="text-right"
      >
        0
      </td>
      <td
        className="text-right"
      >
        0
      </td>
      <td
        className="text-right"
      >
        0
      </td>
      <td
        className="text-right"
      >
        0
      </td>
      <td
        className="text-right"
      >
        0
      </td>
      <td
        className="text-right"
      >
        0
      </td>
      <td
        className="text-right"
      >
        0
      </td>
      <td
        className="text-right"
      >
        0
      </td>
    </tr>
    <tr>
      <th
        scope="row"
        title="Percentage of Eyes with Vault size greater or equal than 1 mm"
      >
        % 1 &lt; Vault
      </th>
      <td
        className="text-right"
      >
        0
      </td>
      <td
        className="text-right"
      >
        0
      </td>
      <td
        className="text-right"
      >
        0
      </td>
      <td
        className="text-right"
      >
        0
      </td>
      <td
        className="text-right"
      >
        0
      </td>
      <td
        className="text-right"
      >
        0
      </td>
      <td
        className="text-right"
      >
        0
      </td>
      <td
        className="text-right"
      >
        0
      </td>
      <td
        className="text-right"
      >
        0
      </td>
    </tr>
  </tbody>
</table>
`;
