// Vitest Snapshot v1, https://vitest.dev/guide/snapshot.html

exports[`renders without crashing 1`] = `
<DocumentFragment>
  <table>
    <tbody>
      <tr>
        <th
          scope="row"
          title="Average Vault size in micrometres"
        >
          Average Vault (μm)
        </th>
        <td
          class="text-right"
        >
          0
        </td>
        <td
          class="text-right"
        >
          0
        </td>
        <td
          class="text-right"
        >
          0
        </td>
        <td
          class="text-right"
        >
          0
        </td>
        <td
          class="text-right"
        >
          0
        </td>
        <td
          class="text-right"
        >
          0
        </td>
        <td
          class="text-right"
        >
          0
        </td>
        <td
          class="text-right"
        >
          0
        </td>
        <td
          class="text-right"
        >
          0
        </td>
      </tr>
      <tr>
        <th
          scope="row"
          title="Minimum Vault size in micrometres"
        >
          Minimum Vault (μm)
        </th>
        <td
          class="text-right"
        >
          0
        </td>
        <td
          class="text-right"
        >
          0
        </td>
        <td
          class="text-right"
        >
          0
        </td>
        <td
          class="text-right"
        >
          0
        </td>
        <td
          class="text-right"
        >
          0
        </td>
        <td
          class="text-right"
        >
          0
        </td>
        <td
          class="text-right"
        >
          0
        </td>
        <td
          class="text-right"
        >
          0
        </td>
        <td
          class="text-right"
        >
          0
        </td>
      </tr>
      <tr>
        <th
          scope="row"
          title="Maximum Vault size in micrometres"
        >
          Maximum Vault (μm)
        </th>
        <td
          class="text-right"
        >
          0
        </td>
        <td
          class="text-right"
        >
          0
        </td>
        <td
          class="text-right"
        >
          0
        </td>
        <td
          class="text-right"
        >
          0
        </td>
        <td
          class="text-right"
        >
          0
        </td>
        <td
          class="text-right"
        >
          0
        </td>
        <td
          class="text-right"
        >
          0
        </td>
        <td
          class="text-right"
        >
          0
        </td>
        <td
          class="text-right"
        >
          0
        </td>
      </tr>
    </tbody>
  </table>
</DocumentFragment>
`;
