// Jest Snapshot v1, https://goo.gl/fbAQLP

exports[`renders without crashing 1`] = `
Array [
  <tr>
    <th
      scope="row"
      title="Percentage of Eyes with Vault size less than 0.25 mm"
    >
      % Vault &lt; 0.25
    </th>
    <td
      className="text-right"
    >
      0
    </td>
    <td
      className="text-right"
    >
      0
    </td>
    <td
      className="text-right"
    >
      0
    </td>
    <td
      className="text-right"
    >
      0
    </td>
    <td
      className="text-right"
    >
      0
    </td>
    <td
      className="text-right"
    >
      0
    </td>
    <td
      className="text-right"
    >
      0
    </td>
    <td
      className="text-right"
    >
      0
    </td>
    <td
      className="text-right"
    >
      0
    </td>
  </tr>,
  <tr>
    <th
      scope="row"
      title="Percentage of Eyes with Vault size between 0.25 mm and 0.5 mm"
    >
      % 0.25 &lt; Vault &lt; 0.5
    </th>
    <td
      className="text-right"
    >
      0
    </td>
    <td
      className="text-right"
    >
      0
    </td>
    <td
      className="text-right"
    >
      0
    </td>
    <td
      className="text-right"
    >
      0
    </td>
    <td
      className="text-right"
    >
      0
    </td>
    <td
      className="text-right"
    >
      0
    </td>
    <td
      className="text-right"
    >
      0
    </td>
    <td
      className="text-right"
    >
      0
    </td>
    <td
      className="text-right"
    >
      0
    </td>
  </tr>,
  <tr>
    <th
      scope="row"
      title="Percentage of Eyes with Vault size between 0.5 mm and 0.75 mm"
    >
      % 0.5 &lt; Vault &lt; 0.75
    </th>
    <td
      className="text-right"
    >
      0
    </td>
    <td
      className="text-right"
    >
      0
    </td>
    <td
      className="text-right"
    >
      0
    </td>
    <td
      className="text-right"
    >
      0
    </td>
    <td
      className="text-right"
    >
      0
    </td>
    <td
      className="text-right"
    >
      0
    </td>
    <td
      className="text-right"
    >
      0
    </td>
    <td
      className="text-right"
    >
      0
    </td>
    <td
      className="text-right"
    >
      0
    </td>
  </tr>,
  <tr>
    <th
      scope="row"
      title="Percentage of Eyes with Vault size between 0.75 mm and 1 mm"
    >
      % 0.75 &lt; Vault &lt; 1
    </th>
    <td
      className="text-right"
    >
      0
    </td>
    <td
      className="text-right"
    >
      0
    </td>
    <td
      className="text-right"
    >
      0
    </td>
    <td
      className="text-right"
    >
      0
    </td>
    <td
      className="text-right"
    >
      0
    </td>
    <td
      className="text-right"
    >
      0
    </td>
    <td
      className="text-right"
    >
      0
    </td>
    <td
      className="text-right"
    >
      0
    </td>
    <td
      className="text-right"
    >
      0
    </td>
  </tr>,
  <tr>
    <th
      scope="row"
      title="Percentage of Eyes with Vault size greater or equal than 1 mm"
    >
      % 1 &lt; Vault
    </th>
    <td
      className="text-right"
    >
      0
    </td>
    <td
      className="text-right"
    >
      0
    </td>
    <td
      className="text-right"
    >
      0
    </td>
    <td
      className="text-right"
    >
      0
    </td>
    <td
      className="text-right"
    >
      0
    </td>
    <td
      className="text-right"
    >
      0
    </td>
    <td
      className="text-right"
    >
      0
    </td>
    <td
      className="text-right"
    >
      0
    </td>
    <td
      className="text-right"
    >
      0
    </td>
  </tr>,
]
`;
