// Jest Snapshot v1, https://goo.gl/fbAQLP

exports[`renders without crashing 1`] = `
Array [
  <tr>
    <th
      scope="row"
      title="Percentage of Eyes with Vault size less than 250 micrometres"
    >
      % Vault &lt; 250 (μm)
    </th>
    <td
      className="text-right"
    >
      0
    </td>
    <td
      className="text-right"
    >
      0
    </td>
    <td
      className="text-right"
    >
      0
    </td>
    <td
      className="text-right"
    >
      0
    </td>
    <td
      className="text-right"
    >
      0
    </td>
    <td
      className="text-right"
    >
      0
    </td>
    <td
      className="text-right"
    >
      0
    </td>
    <td
      className="text-right"
    >
      0
    </td>
    <td
      className="text-right"
    >
      0
    </td>
  </tr>,
  <tr>
    <th
      scope="row"
      title="Percentage of Eyes with Vault size between 250 and 500 micrometres"
    >
      % 250 &lt; Vault &lt; 500 (μm)
    </th>
    <td
      className="text-right"
    >
      0
    </td>
    <td
      className="text-right"
    >
      0
    </td>
    <td
      className="text-right"
    >
      0
    </td>
    <td
      className="text-right"
    >
      0
    </td>
    <td
      className="text-right"
    >
      0
    </td>
    <td
      className="text-right"
    >
      0
    </td>
    <td
      className="text-right"
    >
      0
    </td>
    <td
      className="text-right"
    >
      0
    </td>
    <td
      className="text-right"
    >
      0
    </td>
  </tr>,
  <tr>
    <th
      scope="row"
      title="Percentage of Eyes with Vault size between 500 and 750 micrometres"
    >
      % 500 &lt; Vault &lt; 750 (μm)
    </th>
    <td
      className="text-right"
    >
      0
    </td>
    <td
      className="text-right"
    >
      0
    </td>
    <td
      className="text-right"
    >
      0
    </td>
    <td
      className="text-right"
    >
      0
    </td>
    <td
      className="text-right"
    >
      0
    </td>
    <td
      className="text-right"
    >
      0
    </td>
    <td
      className="text-right"
    >
      0
    </td>
    <td
      className="text-right"
    >
      0
    </td>
    <td
      className="text-right"
    >
      0
    </td>
  </tr>,
  <tr>
    <th
      scope="row"
      title="Percentage of Eyes with Vault size between 750 and 1000 micrometres"
    >
      % 750 &lt; Vault &lt; 1000 (μm)
    </th>
    <td
      className="text-right"
    >
      0
    </td>
    <td
      className="text-right"
    >
      0
    </td>
    <td
      className="text-right"
    >
      0
    </td>
    <td
      className="text-right"
    >
      0
    </td>
    <td
      className="text-right"
    >
      0
    </td>
    <td
      className="text-right"
    >
      0
    </td>
    <td
      className="text-right"
    >
      0
    </td>
    <td
      className="text-right"
    >
      0
    </td>
    <td
      className="text-right"
    >
      0
    </td>
  </tr>,
  <tr>
    <th
      scope="row"
      title="Percentage of Eyes with Vault size greater or equal than 1000 micrometres"
    >
      % 1000 &lt; Vault (μm)
    </th>
    <td
      className="text-right"
    >
      0
    </td>
    <td
      className="text-right"
    >
      0
    </td>
    <td
      className="text-right"
    >
      0
    </td>
    <td
      className="text-right"
    >
      0
    </td>
    <td
      className="text-right"
    >
      0
    </td>
    <td
      className="text-right"
    >
      0
    </td>
    <td
      className="text-right"
    >
      0
    </td>
    <td
      className="text-right"
    >
      0
    </td>
    <td
      className="text-right"
    >
      0
    </td>
  </tr>,
]
`;
