// Jest Snapshot v1, https://goo.gl/fbAQLP

exports[`renders without crashing 1`] = `
Array [
  <tr>
    <th
      scope="row"
      title="Average Vault size in millimetres"
    >
      Average Vault
    </th>
    <td
      className="text-right"
    >
      0
    </td>
    <td
      className="text-right"
    >
      0
    </td>
    <td
      className="text-right"
    >
      0
    </td>
    <td
      className="text-right"
    >
      0
    </td>
    <td
      className="text-right"
    >
      0
    </td>
    <td
      className="text-right"
    >
      0
    </td>
    <td
      className="text-right"
    >
      0
    </td>
    <td
      className="text-right"
    >
      0
    </td>
    <td
      className="text-right"
    >
      0
    </td>
  </tr>,
  <tr>
    <th
      scope="row"
      title="Minimum Vault size in millimetres"
    >
      Minimum Vault
    </th>
    <td
      className="text-right"
    >
      0
    </td>
    <td
      className="text-right"
    >
      0
    </td>
    <td
      className="text-right"
    >
      0
    </td>
    <td
      className="text-right"
    >
      0
    </td>
    <td
      className="text-right"
    >
      0
    </td>
    <td
      className="text-right"
    >
      0
    </td>
    <td
      className="text-right"
    >
      0
    </td>
    <td
      className="text-right"
    >
      0
    </td>
    <td
      className="text-right"
    >
      0
    </td>
  </tr>,
  <tr>
    <th
      scope="row"
      title="Maximum Vault size in millimetres"
    >
      Maximum Vault
    </th>
    <td
      className="text-right"
    >
      0
    </td>
    <td
      className="text-right"
    >
      0
    </td>
    <td
      className="text-right"
    >
      0
    </td>
    <td
      className="text-right"
    >
      0
    </td>
    <td
      className="text-right"
    >
      0
    </td>
    <td
      className="text-right"
    >
      0
    </td>
    <td
      className="text-right"
    >
      0
    </td>
    <td
      className="text-right"
    >
      0
    </td>
    <td
      className="text-right"
    >
      0
    </td>
  </tr>,
]
`;
