// Jest Snapshot v1, https://goo.gl/fbAQLP

exports[`renders without crashing 1`] = `
<div
  className="section-form"
>
  <h4>
    Cornea Profile
  </h4>
  <div
    className="form-group row"
  >
    <label
      className="col-sm-6 col-form-label"
      htmlFor="corneaProfile.kaffield"
    >
      Anterior Keratometry Flat (KAntFlt)
    </label>
    <div
      className="col-sm-6"
    >
      <div
        className="input-group"
      >
        <input
          autoComplete="off"
          className="form-control text-right"
          name="corneaProfile.kaf"
          onBlur={[Function]}
          onChange={[Function]}
          type="number"
        />
        <div
          className="input-group-append"
        >
          <span
            className="input-group-text"
            title="dioptres"
          >
            dpt
          </span>
        </div>
      </div>
    </div>
  </div>
  <div
    className="form-group row"
  >
    <label
      className="col-sm-6 col-form-label"
      htmlFor="corneaProfile.axisaffield"
    >
      @
    </label>
    <div
      className="col-sm-6"
    >
      <div
        className="input-group"
      >
        <input
          autoComplete="off"
          className="form-control text-right"
          name="corneaProfile.axisaf"
          onBlur={[Function]}
          onChange={[Function]}
          type="number"
        />
        <div
          className="input-group-append"
        >
          <span
            className="input-group-text"
            title="degrees"
          >
            º
          </span>
        </div>
      </div>
    </div>
  </div>
  <div
    className="form-group row"
  >
    <label
      className="col-sm-6 col-form-label"
      htmlFor="corneaProfile.kasfield"
    >
      Anterior Keratometry Steep (KAntStp)
    </label>
    <div
      className="col-sm-6"
    >
      <div
        className="input-group"
      >
        <input
          autoComplete="off"
          className="form-control text-right"
          name="corneaProfile.kas"
          onBlur={[Function]}
          onChange={[Function]}
          type="number"
        />
        <div
          className="input-group-append"
        >
          <span
            className="input-group-text"
            title="dioptres"
          >
            dpt
          </span>
        </div>
      </div>
    </div>
  </div>
  <div
    className="form-group row"
  >
    <label
      className="col-sm-6 col-form-label"
      htmlFor="corneaProfile.axisasfield"
    >
      @
    </label>
    <div
      className="col-sm-6"
    >
      <div
        className="input-group"
      >
        <input
          autoComplete="off"
          className="form-control text-right"
          name="corneaProfile.axisas"
          onBlur={[Function]}
          onChange={[Function]}
          type="number"
        />
        <div
          className="input-group-append"
        >
          <span
            className="input-group-text"
            title="degrees"
          >
            º
          </span>
        </div>
      </div>
    </div>
  </div>
  <div
    className="form-group row"
  >
    <label
      className="col-sm-6 col-form-label"
      htmlFor="corneaProfile.kpffield"
    >
      Posterior Keratometry Flat (KPostFlt)
    </label>
    <div
      className="col-sm-6"
    >
      <div
        className="input-group"
      >
        <input
          autoComplete="off"
          className="form-control text-right"
          name="corneaProfile.kpf"
          onBlur={[Function]}
          onChange={[Function]}
          type="number"
        />
        <div
          className="input-group-append"
        >
          <span
            className="input-group-text"
            title="dioptres"
          >
            dpt
          </span>
        </div>
      </div>
    </div>
  </div>
  <div
    className="form-group row"
  >
    <label
      className="col-sm-6 col-form-label"
      htmlFor="corneaProfile.axispffield"
    >
      @
    </label>
    <div
      className="col-sm-6"
    >
      <div
        className="input-group"
      >
        <input
          autoComplete="off"
          className="form-control text-right"
          name="corneaProfile.axispf"
          onBlur={[Function]}
          onChange={[Function]}
          type="number"
        />
        <div
          className="input-group-append"
        >
          <span
            className="input-group-text"
            title="degrees"
          >
            º
          </span>
        </div>
      </div>
    </div>
  </div>
  <div
    className="form-group row"
  >
    <label
      className="col-sm-6 col-form-label"
      htmlFor="corneaProfile.kpsfield"
    >
      Posterior Keratometry Steep (KPostStp)
    </label>
    <div
      className="col-sm-6"
    >
      <div
        className="input-group"
      >
        <input
          autoComplete="off"
          className="form-control text-right"
          name="corneaProfile.kps"
          onBlur={[Function]}
          onChange={[Function]}
          type="number"
        />
        <div
          className="input-group-append"
        >
          <span
            className="input-group-text"
            title="dioptres"
          >
            dpt
          </span>
        </div>
      </div>
    </div>
  </div>
  <div
    className="form-group row"
  >
    <label
      className="col-sm-6 col-form-label"
      htmlFor="corneaProfile.axispsfield"
    >
      @
    </label>
    <div
      className="col-sm-6"
    >
      <div
        className="input-group"
      >
        <input
          autoComplete="off"
          className="form-control text-right"
          name="corneaProfile.axisps"
          onBlur={[Function]}
          onChange={[Function]}
          type="number"
        />
        <div
          className="input-group-append"
        >
          <span
            className="input-group-text"
            title="degrees"
          >
            º
          </span>
        </div>
      </div>
    </div>
  </div>
  <div
    className="form-group row"
  >
    <label
      className="col-sm-6 col-form-label"
      htmlFor="corneaProfile.cctfield"
    >
      Central Corneal Thickness (CCT)
    </label>
    <div
      className="col-sm-6"
    >
      <div
        className="input-group"
      >
        <input
          autoComplete="off"
          className="form-control text-right"
          name="corneaProfile.cct"
          onBlur={[Function]}
          onChange={[Function]}
          type="number"
          value={5}
        />
        <div
          className="input-group-append"
        >
          <span
            className="input-group-text"
            title="micrometres"
          >
            μm
          </span>
        </div>
      </div>
    </div>
  </div>
  <div
    className="form-group row mb-4"
  >
    <label
      className="col-sm-6 col-form-label"
      htmlFor="corneaProfile.previousSurgery"
    >
      Previous Corneal Refractive Surgery
    </label>
    <div
      className="col-sm-6"
    >
      <div
        className="input-group"
      >
        <select
          className="form-control"
          name="corneaProfile.previousSurgery"
          onBlur={[Function]}
          onChange={[Function]}
        >
          <option
            value="None"
          >
            None
          </option>
          <option
            value="Myopia"
          >
            Myopia
          </option>
          <option
            value="Hyperopia"
          >
            Hyperopia
          </option>
        </select>
      </div>
    </div>
  </div>
</div>
`;
