// Vitest Snapshot v1, https://vitest.dev/guide/snapshot.html

exports[`renders without crashing 1`] = `
<DocumentFragment>
  <div
    class="section-form"
  >
    <h4>
      Cornea Profile
    </h4>
    <div
      class="form-group row"
    >
      <label
        class="col-sm-6 col-form-label"
        for="corneaProfile.kaffield"
      >
        Anterior Keratometry Flat (KAntFlt)
      </label>
      <div
        class="col-sm-6"
      >
        <div
          class="input-group"
        >
          <input
            autocomplete="off"
            class="form-control text-right"
            name="corneaProfile.kaf"
            type="number"
            value="42"
          />
          <div
            class="input-group-append"
          >
            <span
              class="input-group-text"
              title="dioptres"
            >
              dpt
            </span>
          </div>
        </div>
      </div>
    </div>
    <div
      class="form-group row"
    >
      <label
        class="col-sm-6 col-form-label"
        for="corneaProfile.axisaffield"
      >
        @
      </label>
      <div
        class="col-sm-6"
      >
        <div
          class="input-group"
        >
          <input
            autocomplete="off"
            class="form-control text-right"
            name="corneaProfile.axisaf"
            type="number"
            value="90"
          />
          <div
            class="input-group-append"
          >
            <span
              class="input-group-text"
              title="degrees"
            >
              º
            </span>
          </div>
        </div>
      </div>
    </div>
    <div
      class="form-group row"
    >
      <label
        class="col-sm-6 col-form-label"
        for="corneaProfile.kasfield"
      >
        Anterior Keratometry Steep (KAntStp)
      </label>
      <div
        class="col-sm-6"
      >
        <div
          class="input-group"
        >
          <input
            autocomplete="off"
            class="form-control text-right"
            name="corneaProfile.kas"
            type="number"
            value="43.5"
          />
          <div
            class="input-group-append"
          >
            <span
              class="input-group-text"
              title="dioptres"
            >
              dpt
            </span>
          </div>
        </div>
      </div>
    </div>
    <div
      class="form-group row"
    >
      <label
        class="col-sm-6 col-form-label"
        for="corneaProfile.axisasfield"
      >
        @
      </label>
      <div
        class="col-sm-6"
      >
        <div
          class="input-group"
        >
          <input
            autocomplete="off"
            class="form-control text-right"
            name="corneaProfile.axisas"
            type="number"
            value="180"
          />
          <div
            class="input-group-append"
          >
            <span
              class="input-group-text"
              title="degrees"
            >
              º
            </span>
          </div>
        </div>
      </div>
    </div>
    <div
      class="form-group row"
    >
      <label
        class="col-sm-6 col-form-label"
        for="corneaProfile.kpffield"
      >
        Posterior Keratometry Flat (KPostFlt)
      </label>
      <div
        class="col-sm-6"
      >
        <div
          class="input-group"
        >
          <input
            autocomplete="off"
            class="form-control text-right"
            name="corneaProfile.kpf"
            type="number"
            value="6.2"
          />
          <div
            class="input-group-append"
          >
            <span
              class="input-group-text"
              title="dioptres"
            >
              dpt
            </span>
          </div>
        </div>
      </div>
    </div>
    <div
      class="form-group row"
    >
      <label
        class="col-sm-6 col-form-label"
        for="corneaProfile.axispffield"
      >
        @
      </label>
      <div
        class="col-sm-6"
      >
        <div
          class="input-group"
        >
          <input
            autocomplete="off"
            class="form-control text-right"
            name="corneaProfile.axispf"
            type="number"
            value="90"
          />
          <div
            class="input-group-append"
          >
            <span
              class="input-group-text"
              title="degrees"
            >
              º
            </span>
          </div>
        </div>
      </div>
    </div>
    <div
      class="form-group row"
    >
      <label
        class="col-sm-6 col-form-label"
        for="corneaProfile.kpsfield"
      >
        Posterior Keratometry Steep (KPostStp)
      </label>
      <div
        class="col-sm-6"
      >
        <div
          class="input-group"
        >
          <input
            autocomplete="off"
            class="form-control text-right"
            name="corneaProfile.kps"
            type="number"
            value="6.5"
          />
          <div
            class="input-group-append"
          >
            <span
              class="input-group-text"
              title="dioptres"
            >
              dpt
            </span>
          </div>
        </div>
      </div>
    </div>
    <div
      class="form-group row"
    >
      <label
        class="col-sm-6 col-form-label"
        for="corneaProfile.axispsfield"
      >
        @
      </label>
      <div
        class="col-sm-6"
      >
        <div
          class="input-group"
        >
          <input
            autocomplete="off"
            class="form-control text-right"
            name="corneaProfile.axisps"
            type="number"
            value="180"
          />
          <div
            class="input-group-append"
          >
            <span
              class="input-group-text"
              title="degrees"
            >
              º
            </span>
          </div>
        </div>
      </div>
    </div>
    <div
      class="form-group row"
    >
      <label
        class="col-sm-6 col-form-label"
        for="corneaProfile.cctfield"
      >
        Central Corneal Thickness (CCT)
      </label>
      <div
        class="col-sm-6"
      >
        <div
          class="input-group"
        >
          <input
            autocomplete="off"
            class="form-control text-right"
            name="corneaProfile.cct"
            type="number"
            value="540"
          />
          <div
            class="input-group-append"
          >
            <span
              class="input-group-text"
              title="micrometres"
            >
              μm
            </span>
          </div>
        </div>
      </div>
    </div>
    <div
      class="form-group row mb-4"
    >
      <label
        class="col-sm-6 col-form-label"
        for="corneaProfile.previousSurgery"
      >
        Previous Corneal Refractive Surgery
      </label>
      <div
        class="col-sm-6"
      >
        <div
          class="input-group"
        >
          <select
            class="form-control"
            name="corneaProfile.previousSurgery"
          >
            <option
              value="None"
            >
              None
            </option>
            <option
              value="Myopia"
            >
              Myopia
            </option>
            <option
              value="Hyperopia"
            >
              Hyperopia
            </option>
          </select>
        </div>
      </div>
    </div>
  </div>
</DocumentFragment>
`;
